// Jest Snapshot v1, https://goo.gl/fbAQLP

exports[`<Monsters/> renders the UI as expected 1`] = `
<div>
  <p>
    Loading Monsters
  </p>
</div>
`;
