// Jest Snapshot v1, https://goo.gl/fbAQLP

exports[`<Landing/> renders the UI as expected 1`] = `
<section
  className="landing-page"
>
  <img
    alt="green orb of magic materia from final fantasy 7"
    className="materia-img"
    src="Magic_Materia.png"
  />
  <img
    alt="purple orb of complete materia from final fantasy 7"
    className="materia-img"
    src="Complete_Materia.png"
  />
  <img
    alt="yellow orb of command materia from final fantasy 7"
    className="materia-img"
    src="Command_Materia.png"
  />
  <img
    alt="blue orb of support materia from final fantasy 7"
    className="materia-img"
    src="Support_Materia.png"
  />
  <img
    alt="red orb of summoning materia from final fantasy 7"
    className="materia-img"
    src="Summoning_Materia.png"
  />
  <h1
    id="welcome"
  >
    Welcome to the unofficial FFVII Companion App!
  </h1>
  <p
    className="onboarding"
  >
    This is a bestiary which lists monsters with their stats and information.
  </p>
  <p
    className="onboarding"
  >
    If you login or register for an account, you can add new monsters as well as bookmark monsters to your own personal list for quick reference. You can find this by going to My PHS.
  </p>
  <p
    className="onboarding"
  >
    If you choose to continue as a guest, you may browse and search/sort the bestiary, but you may not add monsters or use the PHS feature.
  </p>
  <section
    className="LoginOrRegister"
  >
    <div>
      <a
        href="/bestiary"
        onClick={[Function]}
      >
        <button
          type="button"
        >
          Continue as a guest
        </button>
      </a>
    </div>
    <a
      href="/#register-header"
      onClick={[Function]}
    >
      <button
        className="login-button"
        onClick={[Function]}
        type="button"
      >
        Register
      </button>
    </a>
    <a
      href="/#login-header"
      onClick={[Function]}
    >
      <button
        className="login-button"
        onClick={[Function]}
        type="button"
      >
        Login
      </button>
    </a>
    
    
  </section>
</section>
`;
